[2026-05-23 00:00:54] [INFO] Logging initialized: /Users/dsen/Projects/ai-post-maker/logs/facebook_reel_schedular.log
[2026-05-23 00:00:54] [INFO] Starting automation for project 1
[2026-05-23 00:00:54] [INFO] Timeout: 300s, Max retries: 3
[2026-05-23 00:00:54] [INFO] Checking BrowserOS health...

[2026-05-23 00:00:55] [CMD] browseros-cli health 
[2026-05-23 00:00:55] [EXIT] 0
[2026-05-23 00:00:55] [OUT] ---
Server: ok
CDP:    connected
[2026-05-23 00:00:55] [OUT] ---
[2026-05-23 00:00:55] [DEBUG] retry_with_backoff: cmd='bos_health' max_retries=3 initial_delay=5
[2026-05-23 00:00:55] [DEBUG] Retry attempt 1/3: bos_health

[2026-05-23 00:00:56] [CMD] browseros-cli health 
[2026-05-23 00:00:56] [EXIT] 0
[2026-05-23 00:00:56] [OUT] ---
Server: ok
CDP:    connected
[2026-05-23 00:00:56] [OUT] ---
[2026-05-23 00:00:56] [DEBUG] retry_with_backoff: success on attempt 1
[2026-05-23 00:00:56] [INFO] BrowserOS is healthy
[2026-05-23 00:00:56] [INFO] ========================================
[2026-05-23 00:00:56] [INFO]   Schedule Management
[2026-05-23 00:00:56] [INFO] ========================================
[2026-05-23 00:00:56] [INFO] Ensuring schedule exists for project-1...
[2026-05-23 00:00:56] [INFO] Schedule path: /Users/dsen/Projects/ai-post-maker/project-1/schedule.json
[2026-05-23 00:00:56] [INFO] Unscheduled entries: 11
[2026-05-23 00:00:56] [INFO] Total schedule entries to process: 11
[2026-05-23 00:00:56] [INFO] ========================================
[2026-05-23 00:00:56] [INFO]   Processing Schedule Entry 1 / 11
[2026-05-23 00:00:56] [INFO] ========================================
[2026-05-23 00:00:56] [INFO] Date: 2026-06-05, Day: Friday, Time: 19:05:00
[2026-05-23 00:00:56] [INFO] ========================================
[2026-05-23 00:00:56] [INFO]   Phase 1: Identify Project and Asset
[2026-05-23 00:00:56] [INFO] ========================================
[2026-05-23 00:00:56] [INFO] Fetching mapped post for project 1...
[2026-05-23 00:00:56] [DEBUG] get_mapped_post exit=0 output='ID: 32
Caption: 🌿 Fresh Basil Pesto Potato Gnocchi 🍝
Recipe: 
Ingredients: 🍝 1 lb potato gnocchi, 🌿 1 cup fresh basil leaves, 🧀 1/2 cup parmesan, 🥜 1/3 cup pine nuts, 🧄 2 cloves garlic, 🫒 1/2 cup olive oil. 
Steps: 👨‍🍳 Pulse basil, nuts, garlic, and cheese in a processor while drizzling in olive oil to make pesto. 🥣 Boil gnocchi in salted water until they float to the surface (about 2 mins). 🔥 Drain, but reserve a splash of water. ⏲️ Toss the hot gnocchi with the pesto and water in a bowl until coated. 🍳 Top with more parmesan and toasted pine nuts.
#gnocchi #pesto #italianfood #vegetarian #dinner #pasta #basil #fresh 🌮🍱'
[2026-05-23 00:00:56] [INFO] CAPTION: >>>🌿 Fresh Basil Pesto Potato Gnocchi 🍝
Recipe: 
Ingredients: 🍝 1 lb potato gnocchi, 🌿 1 cup fresh basil leaves, 🧀 1/2 cup parmesan, 🥜 1/3 cup pine nuts, 🧄 2 cloves garlic, 🫒 1/2 cup olive oil. 
Steps: 👨‍🍳 Pulse basil, nuts, garlic, and cheese in a processor while drizzling in olive oil to make pesto. 🥣 Boil gnocchi in salted water until they float to the surface (about 2 mins). 🔥 Drain, but reserve a splash of water. ⏲️ Toss the hot gnocchi with the pesto and water in a bowl until coated. 🍳 Top with more parmesan and toasted pine nuts.
#gnocchi #pesto #italianfood #vegetarian #dinner #pasta #basil #fresh 🌮🍱<<<
[2026-05-23 00:00:56] [INFO] Asset ID: 32
[2026-05-23 00:00:56] [INFO] Caption length: 612 chars
[2026-05-23 00:00:56] [INFO] Asset path: /Users/dsen/Projects/ai-post-maker/project-1/assets/32.mp4
[2026-05-23 00:00:56] [INFO] Asset file size: 5799342 bytes
[2026-05-23 00:00:56] [INFO] ========================================
[2026-05-23 00:00:56] [INFO]   Phase 2: Read Facebook Reels URL
[2026-05-23 00:00:56] [INFO] ========================================
[2026-05-23 00:00:56] [INFO] Facebook Reels URL: https://www.facebook.com/profile.php?id=61582734486719&sk=reels_tab
[2026-05-23 00:00:56] [INFO] ========================================
[2026-05-23 00:00:56] [INFO]   Phase 3: Open Facebook Reels Page
[2026-05-23 00:00:56] [INFO] ========================================
[2026-05-23 00:00:56] [INFO] Opening new page: https://www.facebook.com/profile.php?id=61582734486719&sk=reels_tab

[2026-05-23 00:00:57] [CMD] browseros-cli open https://www.facebook.com/profile.php?id=61582734486719&sk=reels_tab --json
[2026-05-23 00:00:57] [EXIT] 0
[2026-05-23 00:00:57] [OUT] ---
{"background":false,"hidden":false,"pageId":99,"url":"https://www.facebook.com/profile.php?id=61582734486719\u0026sk=reels_tab"}
[2026-05-23 00:00:57] [OUT] ---
[2026-05-23 00:00:57] [INFO] Page opened with ID: 99
[2026-05-23 00:01:02] [INFO] Taking snapshot...

[2026-05-23 00:01:03] [CMD] browseros-cli snap -p 99
[2026-05-23 00:01:03] [EXIT] 0
[2026-05-23 00:01:03] [OUT] ---
[481] link "Reels"
[495] button "Facebook menu" (collapsed)
[500] link "Messenger"
[503] link "Messenger" (disabled)
[7] button "Notifications, 1 unread" (collapsed)
[11] button "Your profile" (collapsed)
[1141] button "Hide Menu"
[1174] link "Professional dashboard notification"
[1198] link "Insights"
[1211] link "Monetisation"
[1224] link "Ad Centre"
[1237] link "Create ads"
[1250] link "Boost Instagram post"
[1263] link "Settings"
[1299] button "Collapse"
[1314] link "Meta Verified"
[1327] link "Leads Centre"
[1345] link "Meta Business Suite notification"
[1374] button "Manus AI"
[1394] button "Advertise"
[1423] link "View profile cover photo"
[1436] button "Edit cover photo" (collapsed)
[1456] button "Share a thought..." (collapsed)
[1468] button "Profile picture actions" (collapsed)
[1492] button "Tasty Affair "
[1497] link "8 followers"
[1499] link "0 following"
[1506] link "Professional dashboard"
[1518] link "Edit profile"
[1530] link "Add to story"
[1549] button "Food and drink"
[1578] tab "All"
[1583] tab "About"
[1588] tab "Reels" (selected)
[1592] tab "Photos"
[1597] tab "Followers"
[1603] tab "More profile sections" (collapsed)
[1638] button "Profile settings see more options" (collapsed)
[1658] link "Reels"
[1661] button "Create reel"
[1704] link "Reel tile preview"
[1720] link "Reel tile preview"
[1736] link "Reel tile preview"
[1752] link "Reel tile preview"
[1768] link "Reel tile preview"
[1784] link "Reel tile preview"
[1800] link "Reel tile preview"
[1816] link "Reel tile preview"
[1832] link "Reel tile preview"
[1848] link "Reel tile preview"
[2026-05-23 00:01:03] [OUT] ---
[2026-05-23 00:01:03] [DEBUG] Snapshot lines: 56
[2026-05-23 00:01:03] [INFO] Page loaded successfully
[2026-05-23 00:01:03] [INFO] ========================================
[2026-05-23 00:01:03] [INFO]   Phase 4: Open Create Reel Dialog
[2026-05-23 00:01:03] [INFO] ========================================

[2026-05-23 00:01:04] [CMD] browseros-cli snap -p 99
[2026-05-23 00:01:04] [EXIT] 0
[2026-05-23 00:01:04] [OUT] ---
[481] link "Reels"
[495] button "Facebook menu" (collapsed)
[500] link "Messenger"
[503] link "Messenger" (disabled)
[7] button "Notifications, 1 unread" (collapsed)
[11] button "Your profile" (collapsed)
[1141] button "Hide Menu"
[1174] link "Professional dashboard notification"
[1198] link "Insights"
[1211] link "Monetisation"
[1224] link "Ad Centre"
[1237] link "Create ads"
[1250] link "Boost Instagram post"
[1263] link "Settings"
[1299] button "Collapse"
[1314] link "Meta Verified"
[1327] link "Leads Centre"
[1345] link "Meta Business Suite notification"
[1374] button "Manus AI"
[1394] button "Advertise"
[1423] link "View profile cover photo"
[1436] button "Edit cover photo" (collapsed)
[1456] button "Share a thought..." (collapsed)
[1468] button "Profile picture actions" (collapsed)
[1492] button "Tasty Affair "
[1497] link "8 followers"
[1499] link "0 following"
[1506] link "Professional dashboard"
[1518] link "Edit profile"
[1530] link "Add to story"
[1549] button "Food and drink"
[1578] tab "All"
[1583] tab "About"
[1588] tab "Reels" (selected)
[1592] tab "Photos"
[1597] tab "Followers"
[1603] tab "More profile sections" (collapsed)
[1638] button "Profile settings see more options" (collapsed)
[1658] link "Reels"
[1661] button "Create reel"
[1704] link "Reel tile preview"
[1720] link "Reel tile preview"
[1736] link "Reel tile preview"
[1752] link "Reel tile preview"
[1768] link "Reel tile preview"
[1784] link "Reel tile preview"
[1800] link "Reel tile preview"
[1816] link "Reel tile preview"
[1832] link "Reel tile preview"
[1848] link "Reel tile preview"
[2026-05-23 00:01:04] [OUT] ---
[2026-05-23 00:01:04] [INFO] Clicking 'Create reel' button (ref: 1661)...

[2026-05-23 00:01:05] [CMD] browseros-cli click -p 99 1661
[2026-05-23 00:01:05] [EXIT] 0
[2026-05-23 00:01:05] [OUT] ---
Clicked [1661] at (1189, 731)
[2026-05-23 00:01:05] [OUT] ---
[2026-05-23 00:01:08] [INFO] Verifying dialog opened...

[2026-05-23 00:01:09] [CMD] browseros-cli eval -p 99 document.querySelector('div[role="dialog"] h2')?.innerText?.trim()?.includes('Create reel') || document.querySelector('div[aria-label="Create reel"]') !== null || document.querySelector('div[role="dialog"]')?.innerText?.includes('Add Video')
[2026-05-23 00:01:09] [EXIT] 0
[2026-05-23 00:01:09] [OUT] ---
true
[2026-05-23 00:01:09] [OUT] ---
[2026-05-23 00:01:09] [DEBUG] Dialog check result: true
[2026-05-23 00:01:09] [INFO] Create reel dialog confirmed
[2026-05-23 00:01:09] [INFO] ========================================
[2026-05-23 00:01:09] [INFO]   Phase 5: Upload the Video File
[2026-05-23 00:01:09] [INFO] ========================================
[2026-05-23 00:01:09] [INFO] Making file inputs visible...

[2026-05-23 00:01:10] [CMD] browseros-cli eval -p 99 document.querySelectorAll('input[type="file"]').forEach(i => { i.style.display = 'block'; i.style.visibility = 'visible'; i.style.opacity = '1'; i.style.position = 'static'; i.style.width = '100px'; i.style.height = '50px'; i.style.zIndex = '999999'; });
[2026-05-23 00:01:10] [EXIT] 0
[2026-05-23 00:01:10] [OUT] ---
undefined
[2026-05-23 00:01:10] [OUT] ---
[2026-05-23 00:01:10] [INFO] Taking snapshot to find Choose File buttons...

[2026-05-23 00:01:11] [CMD] browseros-cli snap -p 99
[2026-05-23 00:01:11] [EXIT] 0
[2026-05-23 00:01:11] [OUT] ---
[391] link "Facebook"
[40] combobox "Search Facebook" (collapsed)
[439] link "Home"
[450] link "Pages"
[460] link "Professional dashboard"
[471] link "Ad Centre"
[481] link "Reels"
[495] button "Facebook menu" (collapsed)
[500] link "Messenger"
[503] link "Messenger" (disabled)
[7] button "Notifications, 1 unread" (collapsed)
[11] button "Your profile" (collapsed)
[4216] button "Close"
[4238] button "Choose File"
[4239] button "Add Video or drag and drop"
[4262] button "Choose File"
[4263] button "Upload video for reel"
[1977] clickable "Create reelAdd Videoor drag and dropUploadPreview Your video previewUpload your video in order to se"
[4297] clickable "Your video previewUpload your video in order to see a preview here."
[2026-05-23 00:01:11] [OUT] ---
[2026-05-23 00:01:11] [INFO] Attempting upload via available Choose File buttons...
[2026-05-23 00:01:11] [INFO] Trying Choose File button ref: 4238

[2026-05-23 00:01:13] [CMD] browseros-cli upload -p 99 4238 /Users/dsen/Projects/ai-post-maker/project-1/assets/32.mp4
[2026-05-23 00:01:13] [EXIT] 0
[2026-05-23 00:01:13] [OUT] ---
Set 1 file(s) on [4238]
[2026-05-23 00:01:13] [OUT] ---
[2026-05-23 00:01:13] [INFO] Upload initiated via ref: 4238
[2026-05-23 00:01:28] [INFO] Polling for upload completion...

[2026-05-23 00:01:29] [CMD] browseros-cli text -p 99
[2026-05-23 00:01:29] [EXIT] 0
[2026-05-23 00:01:29] [OUT] ---
## Create reel

---

Add Videoor drag and dropYour file can't be uploaded: 32.mp4Next

### Preview

Your video previewUpload your video in order to see a preview here.
[2026-05-23 00:01:29] [OUT] ---
[2026-05-23 00:01:29] [DEBUG] Upload check attempt 1/16: false
[2026-05-23 00:01:29] [INFO] Upload still processing... (attempt 1/16)

[2026-05-23 00:01:35] [CMD] browseros-cli text -p 99
[2026-05-23 00:01:35] [EXIT] 0
[2026-05-23 00:01:35] [OUT] ---
## Create reel

---

Add Videoor drag and dropYour file can't be uploaded: 32.mp4Next

### Preview

Your video previewUpload your video in order to see a preview here.
[2026-05-23 00:01:35] [OUT] ---
[2026-05-23 00:01:35] [DEBUG] Upload check attempt 2/16: false
[2026-05-23 00:01:35] [INFO] Upload still processing... (attempt 2/16)

[2026-05-23 00:01:41] [CMD] browseros-cli text -p 99
[2026-05-23 00:01:41] [EXIT] 0
[2026-05-23 00:01:41] [OUT] ---
# Manage Page

## Tasty Affair

Professional dashboardnotificationInsightsMonetisationAd CentreCreate adsBoost Instagram postSettings

## More tools

1 action itemsManage your business across Meta apps.Meta VerifiedLeads CentreMeta Business SuitenotificationManus AIAdvertiseEdit cover photoShare a thought...

# Tasty Affair

**8** followers • **0** followingProfessional dashboardEditAdd to storyThe Ultimate Food Experience. 🍕🔥 Signature recipes, extreme comfort food, and visual perfection. 🍰✨ Bringing the world's best flavors straight to your feed. 🌮🍱Food and drinkAllAboutReelsPhotosFollowersMore

## Reels

Create reel024814366254114136271
[2026-05-23 00:01:41] [OUT] ---
[2026-05-23 00:01:41] [DEBUG] Upload check attempt 3/16: false
[2026-05-23 00:01:41] [INFO] Upload still processing... (attempt 3/16)
