[2026-05-27 21:54:38] [INFO] Logging initialized: /Users/dsen/Projects/ai-post-maker/logs/youtube_upload.log
[2026-05-27 21:54:38] [INFO] Starting automation for project 1
[2026-05-27 21:54:38] [INFO] Timeout: 300s, Max retries: 3
[2026-05-27 21:54:38] [INFO] Checking BrowserOS health...

[2026-05-27 21:54:39] [CMD] browseros-cli health 
[2026-05-27 21:54:39] [EXIT] 0
[2026-05-27 21:54:39] [OUT] ---
Server: ok
CDP:    connected
[2026-05-27 21:54:39] [OUT] ---
[2026-05-27 21:54:39] [DEBUG] retry_with_backoff: cmd='bos_health' max_retries=3 initial_delay=5
[2026-05-27 21:54:39] [DEBUG] Retry attempt 1/3: bos_health

[2026-05-27 21:54:40] [CMD] browseros-cli health 
[2026-05-27 21:54:40] [EXIT] 0
[2026-05-27 21:54:40] [OUT] ---
Server: ok
CDP:    connected
[2026-05-27 21:54:40] [OUT] ---
[2026-05-27 21:54:40] [DEBUG] retry_with_backoff: success on attempt 1
[2026-05-27 21:54:40] [INFO] BrowserOS is healthy
[2026-05-27 21:54:40] [INFO] ========================================
[2026-05-27 21:54:40] [INFO]   Phase 1: Identify Project and Asset
[2026-05-27 21:54:40] [INFO] ========================================
[2026-05-27 21:54:40] [INFO] Fetching mapped post for project 1...
[2026-05-27 21:54:40] [DEBUG] get_mapped_post exit=0 output='ID: 3
Caption: 🦐 Garlic Butter Sizzling Jumbo Shrimp 🧄
Recipe: 
Ingredients: 🦐 1 lb jumbo shrimp (peeled and deveined), 🧈 4 tbsp unsalted butter, 🧄 4 cloves minced garlic, 🌶️ 1/2 tsp crushed red pepper flakes, 🌿 2 tbsp fresh chopped parsley, 🍋 1 tbsp lemon juice, and zest of half a lemon. 
Steps: 🧽 Pat shrimp dry and season with salt and pepper. 🧈 Melt butter in a large skillet over medium-high heat. 🧄 Add garlic and red pepper flakes; sauté for 1 minute until fragrant. 🔥 Add shrimp and cook for 2 minutes per side until pink and opaque. 🍋 Toss in lemon juice, zest, and parsley. 🥘 Serve immediately while sizzling.
#shrimp #seafood #garlicbutter #easyrecipes #dinnerideas #keto #lowcarb #garlicshrimp 🍤🔥'
[2026-05-27 21:54:40] [INFO] Asset ID: 3
[2026-05-27 21:54:40] [INFO] Title length: 39 chars
[2026-05-27 21:54:40] [INFO] Description length: 654 chars
[2026-05-27 21:54:40] [INFO] Asset path: /Users/dsen/Projects/ai-post-maker/project-1/assets/3.mp4
[2026-05-27 21:54:40] [INFO] ========================================
[2026-05-27 21:54:40] [INFO]   Phase 2: Open YouTube Upload Page
[2026-05-27 21:54:40] [INFO] ========================================
[2026-05-27 21:54:40] [INFO] Opening new page: https://www.youtube.com/upload

[2026-05-27 21:54:41] [CMD] browseros-cli open https://www.youtube.com/upload --json
[2026-05-27 21:54:41] [EXIT] 0
[2026-05-27 21:54:41] [OUT] ---
{"background":false,"hidden":false,"pageId":81,"url":"https://www.youtube.com/upload"}
[2026-05-27 21:54:41] [OUT] ---
[2026-05-27 21:54:41] [INFO] Page opened with ID: 81
[2026-05-27 21:54:46] [INFO] Page loaded successfully
[2026-05-27 21:54:46] [INFO] ========================================
[2026-05-27 21:54:46] [INFO]   Phase 3: Upload the Video File
[2026-05-27 21:54:46] [INFO] ========================================
[2026-05-27 21:54:46] [INFO] Exposing hidden file input...

[2026-05-27 21:54:47] [CMD] browseros-cli eval -p 81 document.querySelectorAll('input[type="file"]').forEach((i, idx) => { i.removeAttribute('aria-hidden'); i.style.display='block'; i.style.visibility='visible'; i.style.opacity='1'; i.style.position='static'; i.style.width='100px'; i.style.height='50px'; i.style.zIndex='999999'; i.title='Upload Video File'; });
[2026-05-27 21:54:47] [EXIT] 0
[2026-05-27 21:54:47] [OUT] ---
undefined
[2026-05-27 21:54:47] [OUT] ---
[2026-05-27 21:54:49] [INFO] Taking snapshot to find file input...

[2026-05-27 21:54:50] [CMD] browseros-cli snap -p 81
[2026-05-27 21:54:50] [EXIT] 0
[2026-05-27 21:54:50] [OUT] ---
[326] menuitem "Dashboard"
[345] menuitem "Content"
[365] menuitem "Analytics"
[384] menuitem "Community"
[403] menuitem "Subtitles"
[422] menuitem "Content detection"
[441] menuitem "Earn"
[460] menuitem "Customization"
[479] menuitem "Audio library"
[504] button "Settings"
[517] button "Send feedback"
[565] tab "Inspiration"
[568] tab "Videos" (selected)
[570] tab "Shorts"
[573] tab "Live"
[576] tab "Playlists"
[579] tab "Podcasts"
[582] tab "Promotions"
[588] tab "Collaborations"
[7] textbox "Filter"
[789] checkbox
[902] button "Sort by Date"
[939] button "Sort by Views"
[1491] button "Send Feedback"
[1503] button "Close"
[1536] button "Select files"
[1541] button "Choose Files"
[1545] link "Terms of Service"
[1546] link "Community Guidelines"
[1550] link "Learn more"
[546] clickable "Inspiration
        


  
      Videos
    


  
        Shorts
      


  
        Live
      


  "
[2026-05-27 21:54:50] [OUT] ---

[2026-05-27 21:54:51] [CMD] browseros-cli snap -p 81
[2026-05-27 21:54:51] [EXIT] 0
[2026-05-27 21:54:51] [OUT] ---
[326] menuitem "Dashboard"
[345] menuitem "Content"
[365] menuitem "Analytics"
[384] menuitem "Community"
[403] menuitem "Subtitles"
[422] menuitem "Content detection"
[441] menuitem "Earn"
[460] menuitem "Customization"
[479] menuitem "Audio library"
[504] button "Settings"
[517] button "Send feedback"
[565] tab "Inspiration"
[568] tab "Videos" (selected)
[570] tab "Shorts"
[573] tab "Live"
[576] tab "Playlists"
[579] tab "Podcasts"
[582] tab "Promotions"
[588] tab "Collaborations"
[7] textbox "Filter"
[789] checkbox
[902] button "Sort by Date"
[939] button "Sort by Views"
[1491] button "Send Feedback"
[1503] button "Close"
[1536] button "Select files"
[1541] button "Choose Files"
[1545] link "Terms of Service"
[1546] link "Community Guidelines"
[1550] link "Learn more"
[546] clickable "Inspiration
        


  
      Videos
    


  
        Shorts
      


  
        Live
      


  "
[2026-05-27 21:54:51] [OUT] ---

[2026-05-27 21:54:53] [CMD] browseros-cli snap -p 81
[2026-05-27 21:54:53] [EXIT] 0
[2026-05-27 21:54:53] [OUT] ---
[326] menuitem "Dashboard"
[345] menuitem "Content"
[365] menuitem "Analytics"
[384] menuitem "Community"
[403] menuitem "Subtitles"
[422] menuitem "Content detection"
[441] menuitem "Earn"
[460] menuitem "Customization"
[479] menuitem "Audio library"
[504] button "Settings"
[517] button "Send feedback"
[565] tab "Inspiration"
[568] tab "Videos" (selected)
[570] tab "Shorts"
[573] tab "Live"
[576] tab "Playlists"
[579] tab "Podcasts"
[582] tab "Promotions"
[588] tab "Collaborations"
[7] textbox "Filter"
[789] checkbox
[902] button "Sort by Date"
[939] button "Sort by Views"
[1491] button "Send Feedback"
[1503] button "Close"
[1536] button "Select files"
[1541] button "Choose Files"
[1545] link "Terms of Service"
[1546] link "Community Guidelines"
[1550] link "Learn more"
[546] clickable "Inspiration
        


  
      Videos
    


  
        Shorts
      


  
        Live
      


  "
[2026-05-27 21:54:53] [OUT] ---
[2026-05-27 21:54:53] [INFO] Attempting upload to ref: 1541...

[2026-05-27 21:54:54] [CMD] browseros-cli upload -p 81 1541 /Users/dsen/Projects/ai-post-maker/project-1/assets/3.mp4
[2026-05-27 21:54:54] [EXIT] 0
[2026-05-27 21:54:54] [OUT] ---
Set 1 file(s) on [1541]
[2026-05-27 21:54:54] [OUT] ---
[2026-05-27 21:54:59] [INFO] Waiting for 'Details' screen to appear...

[2026-05-27 21:55:00] [CMD] browseros-cli snap -p 81
[2026-05-27 21:55:00] [EXIT] 0
[2026-05-27 21:55:00] [OUT] ---
[1503] button "Close"
[2151] tab "Details" (selected)
[2162] tab "Video elements"
[2173] tab "Checks"
[2184] tab "Visibility"
[1955] button "Reuse details"
[2264] textbox "Add a title that describes your video (type @ to mention a channel)" value="3" (required)
[2476] button "Add all"
[2377] button "Options"
[2804] button "Personalized suggestion illustration #appetizer"
[2814] button "Personalized suggestion illustration #baking"
[2824] button "Personalized suggestion illustration #cheesecake"
[2014] textbox "Tell viewers about your video (type @ to mention a channel)"
[2227] link "Learn more about playlists"
[2233] button "Select playlists"
[2237] button "Select"
[2060] link "What's content made for kids?"
[2067] link "Learn more about video's audience settings"
[2070] radio "Yes, it's made for kids . Features like personalized ads and notifications won’t be available on videos made for kids. Videos that are set as made for kids by you are more likely to be recommended alongside other kids’ videos. Learn more"
[2074] link "Learn more"
[2075] radio "No, it's not made for kids"
[1999] button "Age restriction (advanced)"
[2148] button "Show advanced settings"
[2210] link "https://youtube.com/shorts/crcC6rRrt9Y"
[2213] button "Copy video link"
[1598] button "Next"
[546] clickable "Inspiration
        


  
      Videos
    


  
        Shorts
      


  
        Live
      


  "
[2380] clickable "The following suggestions were automatically generated based on your existing content. You can add
  and edit them to help viewers discover, understand, and engage with your content."
[2069] clickable "Yes, it's made for kids.
          Features like personalized ads and notifications won’t be availab"
[2026-05-27 21:55:00] [OUT] ---
[2026-05-27 21:55:00] [INFO] Video uploaded and Details screen reached
[2026-05-27 21:55:00] [INFO] ========================================
[2026-05-27 21:55:00] [INFO]   Phase 4: Fill Details
[2026-05-27 21:55:00] [INFO] ========================================
[2026-05-27 21:55:00] [INFO] Finding Title field...

[2026-05-27 21:55:01] [CMD] browseros-cli snap -p 81
[2026-05-27 21:55:01] [EXIT] 0
[2026-05-27 21:55:01] [OUT] ---
[1503] button "Close"
[2151] tab "Details" (selected)
[2162] tab "Video elements"
[2173] tab "Checks"
[2184] tab "Visibility"
[1955] button "Reuse details"
[2264] textbox "Add a title that describes your video (type @ to mention a channel)" value="3" (required)
[2476] button "Add all"
[2377] button "Options"
[2804] button "Personalized suggestion illustration #appetizer"
[2814] button "Personalized suggestion illustration #baking"
[2824] button "Personalized suggestion illustration #cheesecake"
[2014] textbox "Tell viewers about your video (type @ to mention a channel)"
[2227] link "Learn more about playlists"
[2233] button "Select playlists"
[2237] button "Select"
[2060] link "What's content made for kids?"
[2067] link "Learn more about video's audience settings"
[2070] radio "Yes, it's made for kids . Features like personalized ads and notifications won’t be available on videos made for kids. Videos that are set as made for kids by you are more likely to be recommended alongside other kids’ videos. Learn more"
[2074] link "Learn more"
[2075] radio "No, it's not made for kids"
[1999] button "Age restriction (advanced)"
[2148] button "Show advanced settings"
[2210] link "https://youtube.com/shorts/crcC6rRrt9Y"
[2213] button "Copy video link"
[1598] button "Next"
[546] clickable "Inspiration
        


  
      Videos
    


  
        Shorts
      


  
        Live
      


  "
[2380] clickable "The following suggestions were automatically generated based on your existing content. You can add
  and edit them to help viewers discover, understand, and engage with your content."
[2069] clickable "Yes, it's made for kids.
          Features like personalized ads and notifications won’t be availab"
[2026-05-27 21:55:01] [OUT] ---
[2026-05-27 21:55:01] [INFO] Filling Title...

[2026-05-27 21:55:03] [CMD] browseros-cli fill -p 81 2264 🦐 Garlic Butter Sizzling Jumbo Shrimp 🧄
[2026-05-27 21:55:03] [EXIT] 0
[2026-05-27 21:55:03] [OUT] ---
Typed 41 characters into [2264] at (472, 229)
[2026-05-27 21:55:03] [OUT] ---
[2026-05-27 21:55:05] [INFO] Finding Description field...

[2026-05-27 21:55:07] [CMD] browseros-cli snap -p 81
[2026-05-27 21:55:07] [EXIT] 0
[2026-05-27 21:55:07] [OUT] ---
[1503] button "Save and close"
[2151] tab "Details" (selected)
[2162] tab "Video elements"
[2173] tab "Checks"
[2184] tab "Visibility"
[1955] button "Reuse details"
[2264] textbox "Add a title that describes your video (type @ to mention a channel)" value="🦐 Garlic Butter Sizzling Jumbo Shrimp 🧄" (required)
[2476] button "Add all"
[2377] button "Options"
[2804] button "Personalized suggestion illustration #appetizer"
[2814] button "Personalized suggestion illustration #baking"
[2824] button "Personalized suggestion illustration #cheesecake"
[2014] textbox "Tell viewers about your video (type @ to mention a channel)"
[2227] link "Learn more about playlists"
[2233] button "Select playlists"
[2237] button "Select"
[2060] link "What's content made for kids?"
[2067] link "Learn more about video's audience settings"
[2070] radio "Yes, it's made for kids . Features like personalized ads and notifications won’t be available on videos made for kids. Videos that are set as made for kids by you are more likely to be recommended alongside other kids’ videos. Learn more"
[2074] link "Learn more"
[2075] radio "No, it's not made for kids"
[1999] button "Age restriction (advanced)"
[2148] button "Show advanced settings"
[2210] link "https://youtube.com/shorts/crcC6rRrt9Y"
[2213] button "Copy video link"
[1598] button "Next"
[546] clickable "Inspiration
        


  
      Videos
    


  
        Shorts
      


  
        Live
      


  "
[2380] clickable "The following suggestions were automatically generated based on your existing content. You can add
  and edit them to help viewers discover, understand, and engage with your content."
[2069] clickable "Yes, it's made for kids.
          Features like personalized ads and notifications won’t be availab"
[2026-05-27 21:55:07] [OUT] ---
[2026-05-27 21:55:07] [INFO] Filling Description...

[2026-05-27 21:55:10] [CMD] browseros-cli fill -p 81 2014 Recipe: 
Ingredients: 🦐 1 lb jumbo shrimp (peeled and deveined), 🧈 4 tbsp unsalted butter, 🧄 4 cloves minced garlic, 🌶️ 1/2 tsp crushed red pepper flakes, 🌿 2 tbsp fresh chopped parsley, 🍋 1 tbsp lemon juice, and zest of half a lemon. 
Steps: 🧽 Pat shrimp dry and season with salt and pepper. 🧈 Melt butter in a large skillet over medium-high heat. 🧄 Add garlic and red pepper flakes; sauté for 1 minute until fragrant. 🔥 Add shrimp and cook for 2 minutes per side until pink and opaque. 🍋 Toss in lemon juice, zest, and parsley. 🥘 Serve immediately while sizzling.
#shrimp #seafood #garlicbutter #easyrecipes #dinnerideas #keto #lowcarb #garlicshrimp 🍤🔥
[2026-05-27 21:55:10] [EXIT] 0
[2026-05-27 21:55:10] [OUT] ---
Typed 668 characters into [2014] at (472, 490)
[2026-05-27 21:55:10] [OUT] ---
[2026-05-27 21:55:12] [INFO] Selecting 'Not made for kids'...

[2026-05-27 21:55:13] [CMD] browseros-cli snap -p 81
[2026-05-27 21:55:13] [EXIT] 0
[2026-05-27 21:55:13] [OUT] ---
[902] button "Sort by Date"
[939] button "Sort by Views"
[1491] button "Send Feedback"
[1503] button "Save and close"
[2151] tab "Details" (selected)
[2162] tab "Video elements"
[2173] tab "Checks"
[2184] tab "Visibility"
[1955] button "Reuse details"
[2264] textbox "Add a title that describes your video (type @ to mention a channel)" value="🦐 Garlic Butter Sizzling Jumbo Shrimp 🧄" (required)
[2014] textbox "Tell viewers about your video (type @ to mention a channel)" value="Recipe: 
Ingredients: 🦐 1 lb jumbo shrimp (peeled and deveined), 🧈 4 tbsp unsalted butter, 🧄 4 cloves minced garlic, 🌶️ 1/2 tsp crushed red pepper flakes, 🌿 2 tbsp fresh chopped parsley, 🍋 1 tbsp lemon juice, and zest of half a lemon. 
Steps: 🧽 Pat shrimp dry and season with salt and pepper. 🧈 Melt butter in a large skillet over medium-high heat. 🧄 Add garlic and red pepper flakes; sauté for 1 minute until fragrant. 🔥 Add shrimp and cook for 2 minutes per side until pink and opaque. 🍋 Toss in lemon juice, zest, and parsley. 🥘 Serve immediately while sizzling.
#shrimp #seafood #garlicbutter #easyrecipes #dinnerideas #keto #lowcarb #garlicshrimp 🍤🔥
"
[2227] link "Learn more about playlists"
[2233] button "Select playlists"
[2237] button "Select"
[2060] link "What's content made for kids?"
[2067] link "Learn more about video's audience settings"
[2070] radio "Yes, it's made for kids . Features like personalized ads and notifications won’t be available on videos made for kids. Videos that are set as made for kids by you are more likely to be recommended alongside other kids’ videos. Learn more"
[2074] link "Learn more"
[2075] radio "No, it's not made for kids"
[1999] button "Age restriction (advanced)"
[2148] button "Show advanced settings"
[2210] link "https://youtube.com/shorts/crcC6rRrt9Y"
[2213] button "Copy video link"
[1598] button "Next"
[546] clickable "Inspiration
        


  
      Videos
    


  
        Shorts
      


  
        Live
      


  "
[2069] clickable "Yes, it's made for kids.
          Features like personalized ads and notifications won’t be availab"
[2026-05-27 21:55:13] [OUT] ---

[2026-05-27 21:55:14] [CMD] browseros-cli click -p 81 2075
[2026-05-27 21:55:14] [EXIT] 0
[2026-05-27 21:55:14] [OUT] ---
Clicked [2075] at (303, 464)
[2026-05-27 21:55:14] [OUT] ---
[2026-05-27 21:55:15] [INFO] Selected 'Not made for kids'
[2026-05-27 21:55:17] [INFO] ========================================
[2026-05-27 21:55:17] [INFO]   Phase 5: Navigate to Visibility Screen
[2026-05-27 21:55:17] [INFO] ========================================

[2026-05-27 21:55:17] [CMD] browseros-cli snap -p 81
[2026-05-27 21:55:17] [EXIT] 0
[2026-05-27 21:55:17] [OUT] ---
[902] button "Sort by Date"
[939] button "Sort by Views"
[1491] button "Send Feedback"
[1503] button "Save and close"
[2151] tab "Details" (selected)
[2162] tab "Video elements"
[2173] tab "Checks"
[2184] tab "Visibility"
[1955] button "Reuse details"
[2264] textbox "Add a title that describes your video (type @ to mention a channel)" value="🦐 Garlic Butter Sizzling Jumbo Shrimp 🧄" (required)
[2014] textbox "Tell viewers about your video (type @ to mention a channel)" value="Recipe: 
Ingredients: 🦐 1 lb jumbo shrimp (peeled and deveined), 🧈 4 tbsp unsalted butter, 🧄 4 cloves minced garlic, 🌶️ 1/2 tsp crushed red pepper flakes, 🌿 2 tbsp fresh chopped parsley, 🍋 1 tbsp lemon juice, and zest of half a lemon. 
Steps: 🧽 Pat shrimp dry and season with salt and pepper. 🧈 Melt butter in a large skillet over medium-high heat. 🧄 Add garlic and red pepper flakes; sauté for 1 minute until fragrant. 🔥 Add shrimp and cook for 2 minutes per side until pink and opaque. 🍋 Toss in lemon juice, zest, and parsley. 🥘 Serve immediately while sizzling.
#shrimp #seafood #garlicbutter #easyrecipes #dinnerideas #keto #lowcarb #garlicshrimp 🍤🔥
"
[2227] link "Learn more about playlists"
[2233] button "Select playlists"
[2237] button "Select"
[2060] link "What's content made for kids?"
[2067] link "Learn more about video's audience settings"
[2070] radio "Yes, it's made for kids . Features like personalized ads and notifications won’t be available on videos made for kids. Videos that are set as made for kids by you are more likely to be recommended alongside other kids’ videos. Learn more"
[2074] link "Learn more"
[2075] radio "No, it's not made for kids"
[1999] button "Age restriction (advanced)"
[2148] button "Show advanced settings"
[2210] link "https://youtube.com/shorts/crcC6rRrt9Y"
[2213] button "Copy video link"
[1598] button "Next"
[546] clickable "Inspiration
        


  
      Videos
    


  
        Shorts
      


  
        Live
      


  "
[2069] clickable "Yes, it's made for kids.
          Features like personalized ads and notifications won’t be availab"
[2026-05-27 21:55:17] [OUT] ---
[2026-05-27 21:55:17] [INFO] Clicking Next (1/3)...

[2026-05-27 21:55:19] [CMD] browseros-cli click -p 81 1598
[2026-05-27 21:55:19] [EXIT] 0
[2026-05-27 21:55:19] [OUT] ---
Clicked [1598] at (1061, 697)
[2026-05-27 21:55:19] [OUT] ---

[2026-05-27 21:55:23] [CMD] browseros-cli snap -p 81
[2026-05-27 21:55:23] [EXIT] 0
[2026-05-27 21:55:23] [OUT] ---
[403] menuitem "Subtitles"
[422] menuitem "Content detection"
[441] menuitem "Earn"
[460] menuitem "Customization"
[479] menuitem "Audio library"
[504] button "Settings"
[517] button "Send feedback"
[565] tab "Inspiration"
[568] tab "Videos" (selected)
[570] tab "Shorts"
[573] tab "Live"
[576] tab "Playlists"
[579] tab "Podcasts"
[582] tab "Promotions"
[588] tab "Collaborations"
[7] textbox "Filter"
[789] checkbox
[902] button "Sort by Date"
[939] button "Sort by Views"
[1491] button "Send Feedback"
[1503] button "Save and close"
[2151] tab "Details"
[2162] tab "Video elements" (selected)
[2173] tab "Checks"
[2184] tab "Visibility"
[11638] link "Learn more"
[11876] button "Add"
[11682] button "Add" (disabled)
[1591] button "Back"
[1598] button "Next"
[546] clickable "Inspiration
        


  
      Videos
    


  
        Shorts
      


  
        Live
      


  "
[2026-05-27 21:55:23] [OUT] ---

[2026-05-27 21:55:24] [CMD] browseros-cli snap -p 81
[2026-05-27 21:55:24] [EXIT] 0
[2026-05-27 21:55:24] [OUT] ---
[403] menuitem "Subtitles"
[422] menuitem "Content detection"
[441] menuitem "Earn"
[460] menuitem "Customization"
[479] menuitem "Audio library"
[504] button "Settings"
[517] button "Send feedback"
[565] tab "Inspiration"
[568] tab "Videos" (selected)
[570] tab "Shorts"
[573] tab "Live"
[576] tab "Playlists"
[579] tab "Podcasts"
[582] tab "Promotions"
[588] tab "Collaborations"
[7] textbox "Filter"
[789] checkbox
[902] button "Sort by Date"
[939] button "Sort by Views"
[1491] button "Send Feedback"
[1503] button "Save and close"
[2151] tab "Details"
[2162] tab "Video elements" (selected)
[2173] tab "Checks"
[2184] tab "Visibility"
[11638] link "Learn more"
[11876] button "Add"
[11682] button "Add" (disabled)
[1591] button "Back"
[1598] button "Next"
[546] clickable "Inspiration
        


  
      Videos
    


  
        Shorts
      


  
        Live
      


  "
[2026-05-27 21:55:24] [OUT] ---
[2026-05-27 21:55:24] [INFO] Clicking Next (2/3)...

[2026-05-27 21:55:25] [CMD] browseros-cli click -p 81 1598
[2026-05-27 21:55:25] [EXIT] 0
[2026-05-27 21:55:25] [OUT] ---
Clicked [1598] at (1061, 697)
[2026-05-27 21:55:25] [OUT] ---

[2026-05-27 21:55:30] [CMD] browseros-cli snap -p 81
[2026-05-27 21:55:30] [EXIT] 0
[2026-05-27 21:55:30] [OUT] ---
[441] menuitem "Earn"
[460] menuitem "Customization"
[479] menuitem "Audio library"
[504] button "Settings"
[517] button "Send feedback"
[565] tab "Inspiration"
[568] tab "Videos" (selected)
[570] tab "Shorts"
[573] tab "Live"
[576] tab "Playlists"
[579] tab "Podcasts"
[582] tab "Promotions"
[588] tab "Collaborations"
[7] textbox "Filter"
[789] checkbox
[902] button "Sort by Date"
[939] button "Sort by Views"
[1491] button "Send Feedback"
[1503] button "Save and close"
[2151] tab "Details"
[2162] tab "Video elements"
[2173] tab "Checks" (selected)
[2184] tab "Visibility"
[12021] link "Learn more"
[12066] link "Learn more"
[12033] button "Send feedback"
[1591] button "Back"
[1598] button "Next"
[546] clickable "Inspiration
        


  
      Videos
    


  
        Shorts
      


  
        Live
      


  "
[12032] clickable "Send feedback"
[12034] clickable "Send feedback"
[2026-05-27 21:55:30] [OUT] ---

[2026-05-27 21:55:30] [CMD] browseros-cli snap -p 81
[2026-05-27 21:55:30] [EXIT] 0
[2026-05-27 21:55:30] [OUT] ---
[441] menuitem "Earn"
[460] menuitem "Customization"
[479] menuitem "Audio library"
[504] button "Settings"
[517] button "Send feedback"
[565] tab "Inspiration"
[568] tab "Videos" (selected)
[570] tab "Shorts"
[573] tab "Live"
[576] tab "Playlists"
[579] tab "Podcasts"
[582] tab "Promotions"
[588] tab "Collaborations"
[7] textbox "Filter"
[789] checkbox
[902] button "Sort by Date"
[939] button "Sort by Views"
[1491] button "Send Feedback"
[1503] button "Save and close"
[2151] tab "Details"
[2162] tab "Video elements"
[2173] tab "Checks" (selected)
[2184] tab "Visibility"
[12021] link "Learn more"
[12066] link "Learn more"
[12033] button "Send feedback"
[1591] button "Back"
[1598] button "Next"
[546] clickable "Inspiration
        


  
      Videos
    


  
        Shorts
      


  
        Live
      


  "
[12032] clickable "Send feedback"
[12034] clickable "Send feedback"
[2026-05-27 21:55:30] [OUT] ---
[2026-05-27 21:55:31] [INFO] Clicking Next (3/3)...

[2026-05-27 21:55:31] [CMD] browseros-cli click -p 81 1598
[2026-05-27 21:55:31] [EXIT] 0
[2026-05-27 21:55:31] [OUT] ---
Clicked [1598] at (1061, 697)
[2026-05-27 21:55:31] [OUT] ---

[2026-05-27 21:55:35] [CMD] browseros-cli snap -p 81
[2026-05-27 21:55:35] [EXIT] 0
[2026-05-27 21:55:35] [OUT] ---
[12509] radio "Private"
[12519] radio "Unlisted"
[12528] radio "Public"
[12240] button "Click to expand"
[12175] link "Learn more"
[12180] link "Learn more"
[12462] button "Play"
[12465] button "Mute"
[12291] slider "volume"
[12469] button "Settings"
[12494] button "Full screen"
[12208] link "https://youtube.com/shorts/crcC6rRrt9Y"
[12211] button "Copy video link"
[1591] button "Back"
[1605] button "Save"
[546] clickable "Inspiration
        


  
      Videos
    


  
        Shorts
      


  
        Live
      


  "
[12251] clickable "Private
          

          
          
            
              Only you and people you choose "
[12234] clickable "Schedule
      
        
          Select a date to make your video public.
        
      
      
 "
[2026-05-27 21:55:35] [OUT] ---
[2026-05-27 21:55:35] [INFO] Reached Visibility screen
[2026-05-27 21:55:35] [INFO] ========================================
[2026-05-27 21:55:35] [INFO]   Phase 6: Select Public Visibility
[2026-05-27 21:55:35] [INFO] ========================================
[2026-05-27 21:55:35] [INFO] Selecting 'Public' radio button...

[2026-05-27 21:55:37] [CMD] browseros-cli snap -p 81
[2026-05-27 21:55:37] [EXIT] 0
[2026-05-27 21:55:37] [OUT] ---
[12509] radio "Private"
[12519] radio "Unlisted"
[12528] radio "Public"
[12240] button "Click to expand"
[12175] link "Learn more"
[12180] link "Learn more"
[12462] button "Play"
[12465] button "Mute"
[12291] slider "volume"
[12469] button "Settings"
[12494] button "Full screen"
[12208] link "https://youtube.com/shorts/crcC6rRrt9Y"
[12211] button "Copy video link"
[1591] button "Back"
[1605] button "Save"
[546] clickable "Inspiration
        


  
      Videos
    


  
        Shorts
      


  
        Live
      


  "
[12251] clickable "Private
          

          
          
            
              Only you and people you choose "
[12234] clickable "Schedule
      
        
          Select a date to make your video public.
        
      
      
 "
[2026-05-27 21:55:37] [OUT] ---

[2026-05-27 21:55:38] [CMD] browseros-cli click -p 81 12528
[2026-05-27 21:55:38] [EXIT] 0
[2026-05-27 21:55:38] [OUT] ---
Clicked [12528] at (292, 469)
[2026-05-27 21:55:38] [OUT] ---
[2026-05-27 21:55:40] [INFO] ========================================
[2026-05-27 21:55:40] [INFO]   Phase 7: Manual Review / Publish
[2026-05-27 21:55:40] [INFO] ========================================
[2026-05-27 21:55:40] [INFO] 
[2026-05-27 21:55:40] [INFO] ============================================
[2026-05-27 21:55:40] [INFO]   MANUAL REVIEW REQUIRED
[2026-05-27 21:55:40] [INFO] ============================================
[2026-05-27 21:55:40] [INFO]   Asset ID: 3
[2026-05-27 21:55:40] [INFO]   Project:  project-1
[2026-05-27 21:55:40] [INFO]   Status:   Ready to publish
[2026-05-27 21:55:40] [INFO] 
[2026-05-27 21:55:40] [INFO]   Please review the video in the browser.
[2026-05-27 21:55:40] [INFO]   DO NOT proceed until you manually click
[2026-05-27 21:55:40] [INFO]   the 'Publish' button and confirm success.
[2026-05-27 21:55:40] [INFO] ============================================
[2026-05-27 21:55:40] [INFO] 
[2026-05-27 21:56:23] [INFO] ========================================
[2026-05-27 21:56:23] [INFO]   Phase 8: Mark Record as Done
[2026-05-27 21:56:24] [INFO] ========================================
[2026-05-27 21:56:24] [INFO] Marking asset 3 as uploaded for youtube...
[2026-05-27 21:56:24] [DEBUG] Tracker output: {"success": true, "id": "3", "platform": "youtube"}
[2026-05-27 21:56:24] [INFO] Record 3 marked as uploaded for youtube in project-1/grok_prompts.json
[2026-05-27 21:56:24] [INFO] ========================================
[2026-05-27 21:56:24] [INFO]   Phase 9: Close Browser Tab
[2026-05-27 21:56:24] [INFO] ========================================

[2026-05-27 21:56:25] [CMD] browseros-cli close -p 81
[2026-05-27 21:56:25] [EXIT] 0
[2026-05-27 21:56:25] [OUT] ---
Closed page 81
[2026-05-27 21:56:25] [OUT] ---
[2026-05-27 21:56:25] [INFO] Browser tab closed
[2026-05-27 21:56:25] [INFO] ========================================
[2026-05-27 21:56:25] [INFO]   Complete
[2026-05-27 21:56:25] [INFO] ========================================
[2026-05-27 21:56:25] [INFO] YouTube upload workflow finished for project-1
[2026-05-27 21:56:25] [INFO] Log file: /Users/dsen/Projects/ai-post-maker/logs/youtube_upload.log
